ayaba@Ayabakan MINGW64 ~/Desktop/Sites/project1 (master)
$ git init
Reinitialized existing Git repository in C:/Users/ayaba/Desktop/Sites/project1/.git/

ayaba@Ayabakan MINGW64 ~/Desktop/Sites/project1 (master)
$ git status
On branch master

No commits yet

Changes to be committed:
  (use "git rm --cached <file>..." to unstage)
        new file:   index.html

Untracked files:
  (use "git add <file>..." to include in what will be committed)
        css/
        scss/


ayaba@Ayabakan MINGW64 ~/Desktop/Sites/project1 (master)
$ git rm --cached index.html
rm 'index.html'

ayaba@Ayabakan MINGW64 ~/Desktop/Sites/project1 (master)
$ git add index.html

ayaba@Ayabakan MINGW64 ~/Desktop/Sites/project1 (master)
$ git commit
hint: Waiting for your editor to close the file... error: There was a problem with the editor 'vi'.
Please supply the message using either -m or -F option.

ayaba@Ayabakan MINGW64 ~/Desktop/Sites/project1 (master)
$

ayaba@Ayabakan MINGW64 ~/Desktop/Sites/project1 (master)
$ git commit
Aborting commit due to empty commit message.

ayaba@Ayabakan MINGW64 ~/Desktop/Sites/project1 (master)
$ git config --global user.email "ayabakanarif@gmail.com"

ayaba@Ayabakan MINGW64 ~/Desktop/Sites/project1 (master)
$ git config --global user.name "Arif Ayabakan"

ayaba@Ayabakan MINGW64 ~/Desktop/Sites/project1 (master)
$ git commit
Aborting commit due to empty commit message.

ayaba@Ayabakan MINGW64 ~/Desktop/Sites/project1 (master)
$ git commit -m 'First Commit'
[master (root-commit) e207c19] First Commit
 1 file changed, 0 insertions(+), 0 deletions(-)
 create mode 100644 index.html

ayaba@Ayabakan MINGW64 ~/Desktop/Sites/project1 (master)
$ git diff
diff --git a/index.html b/index.html
index e69de29..8836a06 100644
--- a/index.html
+++ b/index.html
@@ -0,0 +1 @@
+deneme

ayaba@Ayabakan MINGW64 ~/Desktop/Sites/project1 (master)
$ git commit -m 'index dosyası degisti'
On branch master
Changes not staged for commit:
  (use "git add <file>..." to update what will be committed)
  (use "git restore <file>..." to discard changes in working directory)
        modified:   index.html

Untracked files:
  (use "git add <file>..." to include in what will be committed)
        css/
        scss/

no changes added to commit (use "git add" and/or "git commit -a")

ayaba@Ayabakan MINGW64 ~/Desktop/Sites/project1 (master)
$ git add css/style.css

ayaba@Ayabakan MINGW64 ~/Desktop/Sites/project1 (master)
$ git status
On branch master
Changes to be committed:
  (use "git restore --staged <file>..." to unstage)
        new file:   css/style.css

Changes not staged for commit:
  (use "git add <file>..." to update what will be committed)
  (use "git restore <file>..." to discard changes in working directory)
        modified:   index.html

Untracked files:
  (use "git add <file>..." to include in what will be committed)
        scss/


ayaba@Ayabakan MINGW64 ~/Desktop/Sites/project1 (master)
$ git commit -m 'style dosyasi eklendi'
[master 34f6fce] style dosyasi eklendi
 1 file changed, 0 insertions(+), 0 deletions(-)
 create mode 100644 css/style.css

ayaba@Ayabakan MINGW64 ~/Desktop/Sites/project1 (master)
$ git status
On branch master
Changes not staged for commit:
  (use "git add <file>..." to update what will be committed)
  (use "git restore <file>..." to discard changes in working directory)
        modified:   index.html

Untracked files:
  (use "git add <file>..." to include in what will be committed)
        scss/

no changes added to commit (use "git add" and/or "git commit -a")

ayaba@Ayabakan MINGW64 ~/Desktop/Sites/project1 (master)
$ git add index.html

ayaba@Ayabakan MINGW64 ~/Desktop/Sites/project1 (master)
$ git commit -m'index dosyasi değgisti'
[master 6526be3] index dosyasi değgisti
 1 file changed, 1 insertion(+)

ayaba@Ayabakan MINGW64 ~/Desktop/Sites/project1 (master)
$ git status
On branch master
Changes not staged for commit:
  (use "git add <file>..." to update what will be committed)
  (use "git restore <file>..." to discard changes in working directory)
        modified:   css/style.css

Untracked files:
  (use "git add <file>..." to include in what will be committed)
        scss/

no changes added to commit (use "git add" and/or "git commit -a")

ayaba@Ayabakan MINGW64 ~/Desktop/Sites/project1 (master)
$ git diff index.html

